// Jest Snapshot v1, https://goo.gl/fbAQLP

exports[`<VerticalSpace /> Should render and match the snapshot 1`] = `
<div
  class="css-n1os2r"
>
  mooo
</div>
`;
